Archive member included to satisfy reference by file (symbol)

/Users/neivmalaviya/.mcuxpressotools/arm-gnu-toolchain-13.2.Rel1-darwin-x86_64-arm-none-eabi/bin/../lib/gcc/arm-none-eabi/13.2.1/../../../../arm-none-eabi/lib/thumb/v8-m.main/nofp/libc_nano.a(libc_a-exit.o)
                              /Users/neivmalaviya/.mcuxpressotools/arm-gnu-toolchain-13.2.Rel1-darwin-x86_64-arm-none-eabi/bin/../lib/gcc/arm-none-eabi/13.2.1/../../../../arm-none-eabi/lib/thumb/v8-m.main/nofp/crt0.o (exit)
/Users/neivmalaviya/.mcuxpressotools/arm-gnu-toolchain-13.2.Rel1-darwin-x86_64-arm-none-eabi/bin/../lib/gcc/arm-none-eabi/13.2.1/../../../../arm-none-eabi/lib/thumb/v8-m.main/nofp/libc_nano.a(libc_a-findfp.o)
                              /Users/neivmalaviya/.mcuxpressotools/arm-gnu-toolchain-13.2.Rel1-darwin-x86_64-arm-none-eabi/bin/../lib/gcc/arm-none-eabi/13.2.1/../../../../arm-none-eabi/lib/thumb/v8-m.main/nofp/libc_nano.a(libc_a-exit.o) (__stdio_exit_handler)
/Users/neivmalaviya/.mcuxpressotools/arm-gnu-toolchain-13.2.Rel1-darwin-x86_64-arm-none-eabi/bin/../lib/gcc/arm-none-eabi/13.2.1/../../../../arm-none-eabi/lib/thumb/v8-m.main/nofp/libc_nano.a(libc_a-fwalk.o)
                              /Users/neivmalaviya/.mcuxpressotools/arm-gnu-toolchain-13.2.Rel1-darwin-x86_64-arm-none-eabi/bin/../lib/gcc/arm-none-eabi/13.2.1/../../../../arm-none-eabi/lib/thumb/v8-m.main/nofp/libc_nano.a(libc_a-findfp.o) (_fwalk_sglue)
/Users/neivmalaviya/.mcuxpressotools/arm-gnu-toolchain-13.2.Rel1-darwin-x86_64-arm-none-eabi/bin/../lib/gcc/arm-none-eabi/13.2.1/../../../../arm-none-eabi/lib/thumb/v8-m.main/nofp/libc_nano.a(libc_a-memset.o)
                              /Users/neivmalaviya/.mcuxpressotools/arm-gnu-toolchain-13.2.Rel1-darwin-x86_64-arm-none-eabi/bin/../lib/gcc/arm-none-eabi/13.2.1/../../../../arm-none-eabi/lib/thumb/v8-m.main/nofp/crt0.o (memset)
/Users/neivmalaviya/.mcuxpressotools/arm-gnu-toolchain-13.2.Rel1-darwin-x86_64-arm-none-eabi/bin/../lib/gcc/arm-none-eabi/13.2.1/../../../../arm-none-eabi/lib/thumb/v8-m.main/nofp/libc_nano.a(libc_a-impure.o)
                              /Users/neivmalaviya/.mcuxpressotools/arm-gnu-toolchain-13.2.Rel1-darwin-x86_64-arm-none-eabi/bin/../lib/gcc/arm-none-eabi/13.2.1/../../../../arm-none-eabi/lib/thumb/v8-m.main/nofp/libc_nano.a(libc_a-findfp.o) (_impure_data)
/Users/neivmalaviya/.mcuxpressotools/arm-gnu-toolchain-13.2.Rel1-darwin-x86_64-arm-none-eabi/bin/../lib/gcc/arm-none-eabi/13.2.1/../../../../arm-none-eabi/lib/thumb/v8-m.main/nofp/libc_nano.a(libc_a-errno.o)
                              CMakeFiles/ese_general_examples_basics_getting_started.elf.dir/Users/neivmalaviya/Code/FRDM-MCXA153/SDK/devices/MCXA153/utilities/fsl_syscall_stub.c.obj (__errno)
/Users/neivmalaviya/.mcuxpressotools/arm-gnu-toolchain-13.2.Rel1-darwin-x86_64-arm-none-eabi/bin/../lib/gcc/arm-none-eabi/13.2.1/../../../../arm-none-eabi/lib/thumb/v8-m.main/nofp/libc_nano.a(libc_a-init.o)
                              /Users/neivmalaviya/.mcuxpressotools/arm-gnu-toolchain-13.2.Rel1-darwin-x86_64-arm-none-eabi/bin/../lib/gcc/arm-none-eabi/13.2.1/../../../../arm-none-eabi/lib/thumb/v8-m.main/nofp/crt0.o (__libc_init_array)
/Users/neivmalaviya/.mcuxpressotools/arm-gnu-toolchain-13.2.Rel1-darwin-x86_64-arm-none-eabi/bin/../lib/gcc/arm-none-eabi/13.2.1/../../../../arm-none-eabi/lib/thumb/v8-m.main/nofp/libc_nano.a(libc_a-lock.o)
                              /Users/neivmalaviya/.mcuxpressotools/arm-gnu-toolchain-13.2.Rel1-darwin-x86_64-arm-none-eabi/bin/../lib/gcc/arm-none-eabi/13.2.1/../../../../arm-none-eabi/lib/thumb/v8-m.main/nofp/libc_nano.a(libc_a-findfp.o) (__retarget_lock_init_recursive)
/Users/neivmalaviya/.mcuxpressotools/arm-gnu-toolchain-13.2.Rel1-darwin-x86_64-arm-none-eabi/bin/../lib/gcc/arm-none-eabi/13.2.1/../../../../arm-none-eabi/lib/thumb/v8-m.main/nofp/libc_nano.a(libc_a-mallocr.o)
                              /Users/neivmalaviya/.mcuxpressotools/arm-gnu-toolchain-13.2.Rel1-darwin-x86_64-arm-none-eabi/bin/../lib/gcc/arm-none-eabi/13.2.1/../../../../arm-none-eabi/lib/thumb/v8-m.main/nofp/libc_nano.a(libc_a-findfp.o) (_malloc_r)
/Users/neivmalaviya/.mcuxpressotools/arm-gnu-toolchain-13.2.Rel1-darwin-x86_64-arm-none-eabi/bin/../lib/gcc/arm-none-eabi/13.2.1/../../../../arm-none-eabi/lib/thumb/v8-m.main/nofp/libc_nano.a(libc_a-fflush.o)
                              /Users/neivmalaviya/.mcuxpressotools/arm-gnu-toolchain-13.2.Rel1-darwin-x86_64-arm-none-eabi/bin/../lib/gcc/arm-none-eabi/13.2.1/../../../../arm-none-eabi/lib/thumb/v8-m.main/nofp/libc_nano.a(libc_a-findfp.o) (_fflush_r)
/Users/neivmalaviya/.mcuxpressotools/arm-gnu-toolchain-13.2.Rel1-darwin-x86_64-arm-none-eabi/bin/../lib/gcc/arm-none-eabi/13.2.1/../../../../arm-none-eabi/lib/thumb/v8-m.main/nofp/libc_nano.a(libc_a-mlock.o)
[...]
Memory Configuration

Name             Origin             Length             Attributes
m_interrupts     0x00000000         0x00000200         xr
m_text           0x00000200         0x0001fe00         xr
m_data           0x20000000         0x00006000         rw
m_sramx0         0x04000000         0x00002000         rw
*default*        0x00000000         0xffffffff

Linker script and memory map

LOAD /Users/neivmalaviya/.mcuxpressotools/arm-gnu-toolchain-13.2.Rel1-darwin-x86_64-arm-none-eabi/bin/../lib/gcc/arm-none-eabi/13.2.1/thumb/v8-m.main/nofp/crti.o
LOAD /Users/neivmalaviya/.mcuxpressotools/arm-gnu-toolchain-13.2.Rel1-darwin-x86_64-arm-none-eabi/bin/../lib/gcc/arm-none-eabi/13.2.1/thumb/v8-m.main/nofp/crtbegin.o
LOAD /Users/neivmalaviya/.mcuxpressotools/arm-gnu-toolchain-13.2.Rel1-darwin-x86_64-arm-none-eabi/bin/../lib/gcc/arm-none-eabi/13.2.1/../../../../arm-none-eabi/lib/thumb/v8-m.main/nofp/crt0.o
LOAD CMakeFiles/ese_general_examples_basics_getting_started.elf.dir/Users/neivmalaviya/Code/FRDM-MCXA153/Examples/frdmmcxa153_ese_general_examples_basics_getting_started/main.c.obj
LOAD CMakeFiles/ese_general_examples_basics_getting_started.elf.dir/Users/neivmalaviya/Code/FRDM-MCXA153/SDK/devices/MCXA153/gcc/startup_MCXA153.S.obj
LOAD CMakeFiles/ese_general_examples_basics_getting_started.elf.dir/Users/neivmalaviya/Code/FRDM-MCXA153/SDK/devices/MCXA153/system_MCXA153.c.obj
LOAD CMakeFiles/ese_general_examples_basics_getting_started.elf.dir/Users/neivmalaviya/Code/FRDM-MCXA153/SDK/devices/MCXA153/utilities/fsl_syscall_stub.c.obj
LOAD CMakeFiles/ese_general_examples_basics_getting_started.elf.dir/Users/neivmalaviya/Code/FRDM-MCXA153/SDK/devices/MCXA153/utilities/fsl_sbrk.c.obj
LOAD CMakeFiles/ese_general_examples_basics_getting_started.elf.dir/Users/neivmalaviya/Code/FRDM-MCXA153/SDK/devices/MCXA153/utilities/fsl_memcpy.S.obj
START GROUP
LOAD /Users/neivmalaviya/.mcuxpressotools/arm-gnu-toolchain-13.2.Rel1-darwin-x86_64-arm-none-eabi/bin/../lib/gcc/arm-none-eabi/13.2.1/thumb/v8-m.main/nofp/libgcc.a
LOAD /Users/neivmalaviya/.mcuxpressotools/arm-gnu-toolchain-13.2.Rel1-darwin-x86_64-arm-none-eabi/bin/../lib/gcc/arm-none-eabi/13.2.1/../../../../arm-none-eabi/lib/thumb/v8-m.main/nofp/libc_nano.a
LOAD /Users/neivmalaviya/.mcuxpressotools/arm-gnu-toolchain-13.2.Rel1-darwin-x86_64-arm-none-eabi/bin/../lib/gcc/arm-none-eabi/13.2.1/../../../../arm-none-eabi/lib/thumb/v8-m.main/nofp/libm.a
LOAD /Users/neivmalaviya/.mcuxpressotools/arm-gnu-toolchain-13.2.Rel1-darwin-x86_64-arm-none-eabi/bin/../lib/gcc/arm-none-eabi/13.2.1/../../../../arm-none-eabi/lib/thumb/v8-m.main/nofp/libcr_newlib_nohost.a
END GROUP
START GROUP
LOAD /Users/neivmalaviya/.mcuxpressotools/arm-gnu-toolchain-13.2.Rel1-darwin-x86_64-arm-none-eabi/bin/../lib/gcc/arm-none-eabi/13.2.1/thumb/v8-m.main/nofp/libgcc.a
LOAD /Users/neivmalaviya/.mcuxpressotools/arm-gnu-toolchain-13.2.Rel1-darwin-x86_64-arm-none-eabi/bin/../lib/gcc/arm-none-eabi/13.2.1/../../../../arm-none-eabi/lib/thumb/v8-m.main/nofp/libg_nano.a
LOAD /Users/neivmalaviya/.mcuxpressotools/arm-gnu-toolchain-13.2.Rel1-darwin-x86_64-arm-none-eabi/bin/../lib/gcc/arm-none-eabi/13.2.1/../../../../arm-none-eabi/lib/thumb/v8-m.main/nofp/libc_nano.a
END GROUP
START GROUP
LOAD /Users/neivmalaviya/.mcuxpressotools/arm-gnu-toolchain-13.2.Rel1-darwin-x86_64-arm-none-eabi/bin/../lib/gcc/arm-none-eabi/13.2.1/thumb/v8-m.main/nofp/libgcc.a
LOAD /Users/neivmalaviya/.mcuxpressotools/arm-gnu-toolchain-13.2.Rel1-darwin-x86_64-arm-none-eabi/bin/../lib/gcc/arm-none-eabi/13.2.1/../../../../arm-none-eabi/lib/thumb/v8-m.main/nofp/libc_nano.a
LOAD /Users/neivmalaviya/.mcuxpressotools/arm-gnu-toolchain-13.2.Rel1-darwin-x86_64-arm-none-eabi/bin/../lib/gcc/arm-none-eabi/13.2.1/../../../../arm-none-eabi/lib/thumb/v8-m.main/nofp/libnosys.a
END GROUP
START GROUP
LOAD /Users/neivmalaviya/.mcuxpressotools/arm-gnu-toolchain-13.2.Rel1-darwin-x86_64-arm-none-eabi/bin/../lib/gcc/arm-none-eabi/13.2.1/thumb/v8-m.main/nofp/libgcc.a
LOAD /Users/neivmalaviya/.mcuxpressotools/arm-gnu-toolchain-13.2.Rel1-darwin-x86_64-arm-none-eabi/bin/../lib/gcc/arm-none-eabi/13.2.1/../../../../arm-none-eabi/lib/thumb/v8-m.main/nofp/libc_nano.a
LOAD /Users/neivmalaviya/.mcuxpressotools/arm-gnu-toolchain-13.2.Rel1-darwin-x86_64-arm-none-eabi/bin/../lib/gcc/arm-none-eabi/13.2.1/../../../../arm-none-eabi/lib/thumb/v8-m.main/nofp/libnosys.a
END GROUP
LOAD /Users/neivmalaviya/.mcuxpressotools/arm-gnu-toolchain-13.2.Rel1-darwin-x86_64-arm-none-eabi/bin/../lib/gcc/arm-none-eabi/13.2.1/thumb/v8-m.main/nofp/crtend.o
LOAD /Users/neivmalaviya/.mcuxpressotools/arm-gnu-toolchain-13.2.Rel1-darwin-x86_64-arm-none-eabi/bin/../lib/gcc/arm-none-eabi/13.2.1/thumb/v8-m.main/nofp/crtn.o
                0x00000400                        HEAP_SIZE = DEFINED (__heap_size__)?__heap_size__:0x400
                0x00000800                        STACK_SIZE = DEFINED (__stack_size__)?__stack_size__:0x800

.interrupts     0x00000000      0x180
                0x00000000                        . = ALIGN (0x4)
 *(.isr_vector)
 .isr_vector    0x00000000      0x180 CMakeFiles/ese_general_examples_basics_getting_started.elf.dir/Users/neivmalaviya/Code/FRDM-MCXA153/SDK/devices/MCXA153/gcc/startup_MCXA153.S.obj
                0x00000000                __Vectors
                0x00000180                        . = ALIGN (0x4)

.text           0x00000200      0x73c
                0x00000200                        . = ALIGN (0x4)
 *(.text)
 .text          0x00000200       0x7c /Users/neivmalaviya/.mcuxpressotools/arm-gnu-toolchain-13.2.Rel1-darwin-x86_64-arm-none-eabi/bin/../lib/gcc/arm-none-eabi/13.2.1/../../../../arm-none-eabi/lib/thumb/v8-m.main/nofp/crt0.o
                0x00000200                _stack_init
                0x00000208                _mainCRTStartup
                0x00000208                _start
 .text          0x0000027c      0x340 CMakeFiles/ese_general_examples_basics_getting_started.elf.dir/Users/neivmalaviya/Code/FRDM-MCXA153/SDK/devices/MCXA153/gcc/startup_MCXA153.S.obj
                0x0000027c                Reset_Handler
                0x00000310                CMC_DriverIRQHandler
                0x00000310                LPSPI1_DriverIRQHandler
                0x00000310                WUU0_DriverIRQHandler
                0x00000310                DebugMon_Handler
                0x00000310                Reserved33_DriverIRQHandler
                0x00000310                I3C0_DriverIRQHandler
                0x00000310                Reserved39_DriverIRQHandler
                0x00000310                WAKETIMER0_DriverIRQHandler
                0x00000310                MBC0_DriverIRQHandler
                0x00000310                LPTMR0_DriverIRQHandler
                0x00000310                FLEXPWM0_SUBMODULE1_DriverIRQHandler
                0x00000310                LPI2C0_DriverIRQHandler
                0x00000310                FLEXPWM0_RELOAD_ERROR_DriverIRQHandler
                0x00000310                QDC0_HOME_DriverIRQHandler
                0x00000310                Reserved82_DriverIRQHandler
                0x00000310                QDC0_WATCHDOG_DriverIRQHandler
                0x00000310                ERM0_MULTI_BIT_DriverIRQHandler
                0x00000310                Reserved36_DriverIRQHandler
                0x00000310                CTIMER2_DriverIRQHandler
                0x00000310                UsageFault_Handler
                0x00000310                CMP1_DriverIRQHandler
                0x00000310                DefaultISR
                0x00000310                USB0_DriverIRQHandler
                0x00000310                QDC0_INDEX_DriverIRQHandler
                0x00000310                UTICK0_DriverIRQHandler
                0x00000310                Reserved41_DriverIRQHandler
                0x00000310                FLEXPWM0_SUBMODULE2_DriverIRQHandler
                0x00000310                LPUART2_DriverIRQHandler
                0x00000310                WWDT0_DriverIRQHandler
                0x00000310                Reserved84_DriverIRQHandler
                0x00000310                FLEXPWM0_FAULT_DriverIRQHandler
                0x00000310                GPIO0_DriverIRQHandler
                0x00000310                Reserved38_DriverIRQHandler
                0x00000310                FREQME0_DriverIRQHandler
                0x00000310                Reserved22_DriverIRQHandler
                0x00000310                Reserved53_DriverIRQHandler
                0x00000310                Reserved35_DriverIRQHandler
                0x00000310                CTIMER0_DriverIRQHandler
                0x00000310                Reserved79_DriverIRQHandler
                0x00000310                Reserved91_DriverIRQHandler
                0x00000310                Reserved24_DriverIRQHandler
                0x00000310                CTIMER1_DriverIRQHandler
                0x00000310                QDC0_COMPARE_DriverIRQHandler
                0x00000310                LPUART1_DriverIRQHandler
                0x00000310                SecureFault_Handler
                0x00000310                Reserved92_DriverIRQHandler
                0x00000310                Reserved95_DriverIRQHandler
                0x00000310                LPSPI0_DriverIRQHandler
                0x00000310                DMA_CH3_DriverIRQHandler
                0x00000310                Reserved83_DriverIRQHandler
                0x00000310                Reserved72_DriverIRQHandler
                0x00000310                Reserved23_DriverIRQHandler
                0x00000310                Reserved93_DriverIRQHandler
                0x00000310                Reserved65_DriverIRQHandler
                0x00000310                ERM0_SINGLE_BIT_DriverIRQHandler
                0x00000310                DMA_CH2_DriverIRQHandler
                0x00000310                MemManage_Handler
                0x00000310                Reserved51_DriverIRQHandler
                0x00000310                Reserved25_DriverIRQHandler
                0x00000310                Reserved94_DriverIRQHandler
                0x00000310                FMU0_DriverIRQHandler
                0x00000310                GLIKEY0_DriverIRQHandler
                0x00000310                Reserved77_DriverIRQHandler
                0x00000310                Reserved16_DriverIRQHandler
                0x00000310                LPUART0_DriverIRQHandler
                0x00000310                GPIO2_DriverIRQHandler
                0x00000310                Reserved85_DriverIRQHandler
                0x00000310                ADC0_DriverIRQHandler
                0x00000310                CMP0_DriverIRQHandler
                0x00000310                CDOG0_DriverIRQHandler
                0x00000310                Reserved59_DriverIRQHandler
                0x00000310                DMA_CH0_DriverIRQHandler
                0x00000310                Reserved58_DriverIRQHandler
                0x00000310                DMA_CH1_DriverIRQHandler
                0x00000310                SPC0_DriverIRQHandler
                0x00000310                BusFault_Handler
                0x00000310                Reserved43_DriverIRQHandler
                0x00000310                Reserved46_DriverIRQHandler
                0x00000310                Reserved37_DriverIRQHandler
                0x00000310                Reserved86_DriverIRQHandler
                0x00000310                GPIO1_DriverIRQHandler
                0x00000310                FLEXPWM0_SUBMODULE0_DriverIRQHandler
                0x00000310                Reserved50_DriverIRQHandler
                0x00000310                OS_EVENT_DriverIRQHandler
                0x00000310                SCG0_DriverIRQHandler
                0x00000310                GPIO3_DriverIRQHandler
                0x00000314                NMI_Handler
                0x00000318                HardFault_Handler
                0x0000031c                SVC_Handler
                0x00000320                PendSV_Handler
                0x00000328                Reserved16_IRQHandler
                0x0000032c                CMC_IRQHandler
                0x00000330                DMA_CH0_IRQHandler
                0x00000334                DMA_CH1_IRQHandler
                0x00000338                DMA_CH2_IRQHandler
                0x0000033c                DMA_CH3_IRQHandler
                0x00000340                Reserved22_IRQHandler
                0x00000344                Reserved23_IRQHandler
                0x00000348                Reserved24_IRQHandler
                0x0000034c                Reserved25_IRQHandler
                0x00000350                ERM0_SINGLE_BIT_IRQHandler
                0x00000354                ERM0_MULTI_BIT_IRQHandler
                0x00000358                FMU0_IRQHandler
                0x0000035c                GLIKEY0_IRQHandler
                0x00000360                MBC0_IRQHandler
                0x00000364                SCG0_IRQHandler
                0x00000368                SPC0_IRQHandler
                0x0000036c                Reserved33_IRQHandler
                0x00000370                WUU0_IRQHandler
                0x00000374                Reserved35_IRQHandler
                0x00000378                Reserved36_IRQHandler
                0x0000037c                Reserved37_IRQHandler
                0x00000380                Reserved38_IRQHandler
                0x00000384                Reserved39_IRQHandler
                0x00000388                I3C0_IRQHandler
                0x0000038c                Reserved41_IRQHandler
                0x00000390                LPI2C0_IRQHandler
                0x00000394                Reserved43_IRQHandler
                0x00000398                LPSPI0_IRQHandler
                0x0000039c                LPSPI1_IRQHandler
                0x000003a0                Reserved46_IRQHandler
                0x000003a4                LPUART0_IRQHandler
                0x000003a8                LPUART1_IRQHandler
                0x000003ac                LPUART2_IRQHandler
                0x000003b0                Reserved50_IRQHandler
                0x000003b4                Reserved51_IRQHandler
                0x000003b8                USB0_IRQHandler
                0x000003bc                Reserved53_IRQHandler
                0x000003c0                CDOG0_IRQHandler
                0x000003c4                CTIMER0_IRQHandler
                0x000003c8                CTIMER1_IRQHandler
                0x000003cc                CTIMER2_IRQHandler
                0x000003d0                Reserved58_IRQHandler
                0x000003d4                Reserved59_IRQHandler
                0x000003d8                FLEXPWM0_RELOAD_ERROR_IRQHandler
                0x000003dc                FLEXPWM0_FAULT_IRQHandler
                0x000003e0                FLEXPWM0_SUBMODULE0_IRQHandler
                0x000003e4                FLEXPWM0_SUBMODULE1_IRQHandler
                0x000003e8                FLEXPWM0_SUBMODULE2_IRQHandler
                0x000003ec                Reserved65_IRQHandler
                0x000003f0                QDC0_COMPARE_IRQHandler
                0x000003f4                QDC0_HOME_IRQHandler
                0x000003f8                QDC0_WATCHDOG_IRQHandler
                0x000003fc                QDC0_INDEX_IRQHandler
                0x00000400                FREQME0_IRQHandler
                0x00000404                LPTMR0_IRQHandler
                0x00000408                Reserved72_IRQHandler
                0x0000040c                OS_EVENT_IRQHandler
                0x00000410                WAKETIMER0_IRQHandler
                0x00000414                UTICK0_IRQHandler
                0x00000418                WWDT0_IRQHandler
                0x0000041c                Reserved77_IRQHandler
                0x00000420                ADC0_IRQHandler
                0x00000424                Reserved79_IRQHandler
                0x00000428                CMP0_IRQHandler
                0x0000042c                CMP1_IRQHandler
                0x00000430                Reserved82_IRQHandler
                0x00000434                Reserved83_IRQHandler
                0x00000438                Reserved84_IRQHandler
                0x0000043c                Reserved85_IRQHandler
                0x00000440                Reserved86_IRQHandler
                0x00000444                GPIO0_IRQHandler
                0x00000448                GPIO1_IRQHandler
                0x0000044c                GPIO2_IRQHandler
                0x00000450                GPIO3_IRQHandler
                0x00000454                Reserved91_IRQHandler
                0x00000458                Reserved92_IRQHandler
                0x0000045c                Reserved93_IRQHandler
                0x00000460                Reserved94_IRQHandler
                0x00000464                Reserved95_IRQHandler
 *(.text*)
 .text.deregister_tm_clones
                0x000005bc       0x1c /Users/neivmalaviya/.mcuxpressotools/arm-gnu-toolchain-13.2.Rel1-darwin-x86_64-arm-none-eabi/bin/../lib/gcc/arm-none-eabi/13.2.1/thumb/v8-m.main/nofp/crtbegin.o
 .text.register_tm_clones
                0x000005d8       0x28 /Users/neivmalaviya/.mcuxpressotools/arm-gnu-toolchain-13.2.Rel1-darwin-x86_64-arm-none-eabi/bin/../lib/gcc/arm-none-eabi/13.2.1/thumb/v8-m.main/nofp/crtbegin.o
 .text.__do_global_dtors_aux
                0x00000600       0x28 /Users/neivmalaviya/.mcuxpressotools/arm-gnu-toolchain-13.2.Rel1-darwin-x86_64-arm-none-eabi/bin/../lib/gcc/arm-none-eabi/13.2.1/thumb/v8-m.main/nofp/crtbegin.o
 .text.frame_dummy
                0x00000628       0x24 /Users/neivmalaviya/.mcuxpressotools/arm-gnu-toolchain-13.2.Rel1-darwin-x86_64-arm-none-eabi/bin/../lib/gcc/arm-none-eabi/13.2.1/thumb/v8-m.main/nofp/crtbegin.o
 .text.__NVIC_SetPriority
                0x0000064c       0x54 CMakeFiles/ese_general_examples_basics_getting_started.elf.dir/Users/neivmalaviya/Code/FRDM-MCXA153/Examples/frdmmcxa153_ese_general_examples_basics_getting_started/main.c.obj
 .text.SysTick_Config
                0x000006a0       0x44 CMakeFiles/ese_general_examples_basics_getting_started.elf.dir/Users/neivmalaviya/Code/FRDM-MCXA153/Examples/frdmmcxa153_ese_general_examples_basics_getting_started/main.c.obj
 .text.main     0x000006e4       0x7c CMakeFiles/ese_general_examples_basics_getting_started.elf.dir/Users/neivmalaviya/Code/FRDM-MCXA153/Examples/frdmmcxa153_ese_general_examples_basics_getting_started/main.c.obj
                0x000006e4                main
 .text.SysTick_Handler
                0x00000760       0x18 CMakeFiles/ese_general_examples_basics_getting_started.elf.dir/Users/neivmalaviya/Code/FRDM-MCXA153/Examples/frdmmcxa153_ese_general_examples_basics_getting_started/main.c.obj
                0x00000760                SysTick_Handler
 .text.SystemInit
                0x00000778      0x120 CMakeFiles/ese_general_examples_basics_getting_started.elf.dir/Users/neivmalaviya/Code/FRDM-MCXA153/SDK/devices/MCXA153/system_MCXA153.c.obj
                0x00000778                SystemInit
 .text.SystemInitHook
                0x00000898        0xc CMakeFiles/ese_general_examples_basics_getting_started.elf.dir/Users/neivmalaviya/Code/FRDM-MCXA153/SDK/devices/MCXA153/system_MCXA153.c.obj
                0x00000898                SystemInitHook
 .text.exit     0x000008a4       0x24 /Users/neivmalaviya/.mcuxpressotools/arm-gnu-toolchain-13.2.Rel1-darwin-x86_64-arm-none-eabi/bin/../lib/gcc/arm-none-eabi/13.2.1/../../../../arm-none-eabi/lib/thumb/v8-m.main/nofp/libc_nano.a(libc_a-exit.o)
                0x000008a4                exit
 .text.memset   0x000008c8       0x10 /Users/neivmalaviya/.mcuxpressotools/arm-gnu-toolchain-13.2.Rel1-darwin-x86_64-arm-none-eabi/bin/../lib/gcc/arm-none-eabi/13.2.1/../../../../arm-none-eabi/lib/thumb/v8-m.main/nofp/libc_nano.a(libc_a-memset.o)
                0x000008c8                memset
 .text.__libc_init_array
                0x000008d8       0x48 /Users/neivmalaviya/.mcuxpressotools/arm-gnu-toolchain-13.2.Rel1-darwin-x86_64-arm-none-eabi/bin/../lib/gcc/arm-none-eabi/13.2.1/../../../../arm-none-eabi/lib/thumb/v8-m.main/nofp/libc_nano.a(libc_a-init.o)
                0x000008d8                __libc_init_array
 .text._exit    0x00000920        0x2 /Users/neivmalaviya/.mcuxpressotools/arm-gnu-toolchain-13.2.Rel1-darwin-x86_64-arm-none-eabi/bin/../lib/gcc/arm-none-eabi/13.2.1/../../../../arm-none-eabi/lib/thumb/v8-m.main/nofp/libcr_newlib_nohost.a(_exit.o)
                0x00000920                _exit
 *(.rodata)
 *(.rodata*)
 *(.glue_7)
 .glue_7        0x00000922        0x0 linker stubs
 *(.glue_7t)
 .glue_7t       0x00000922        0x0 linker stubs
 *(.eh_frame)
 *fill*         0x00000922        0x2 
 .eh_frame      0x00000924        0x0 /Users/neivmalaviya/.mcuxpressotools/arm-gnu-toolchain-13.2.Rel1-darwin-x86_64-arm-none-eabi/bin/../lib/gcc/arm-none-eabi/13.2.1/thumb/v8-m.main/nofp/crtbegin.o
 *(.init)
 .init          0x00000924        0x4 /Users/neivmalaviya/.mcuxpressotools/arm-gnu-toolchain-13.2.Rel1-darwin-x86_64-arm-none-eabi/bin/../lib/gcc/arm-none-eabi/13.2.1/thumb/v8-m.main/nofp/crti.o
                0x00000924                _init
 .init          0x00000928        0x8 /Users/neivmalaviya/.mcuxpressotools/arm-gnu-toolchain-13.2.Rel1-darwin-x86_64-arm-none-eabi/bin/../lib/gcc/arm-none-eabi/13.2.1/thumb/v8-m.main/nofp/crtn.o
 *(.fini)
 .fini          0x00000930        0x4 /Users/neivmalaviya/.mcuxpressotools/arm-gnu-toolchain-13.2.Rel1-darwin-x86_64-arm-none-eabi/bin/../lib/gcc/arm-none-eabi/13.2.1/thumb/v8-m.main/nofp/crti.o
                0x00000930                _fini
 .fini          0x00000934        0x8 /Users/neivmalaviya/.mcuxpressotools/arm-gnu-toolchain-13.2.Rel1-darwin-x86_64-arm-none-eabi/bin/../lib/gcc/arm-none-eabi/13.2.1/thumb/v8-m.main/nofp/crtn.o
                0x0000093c                        . = ALIGN (0x4)

.vfp11_veneer   0x0000093c        0x0
 .vfp11_veneer  0x0000093c        0x0 linker stubs

.v4_bx          0x0000093c        0x0
 .v4_bx         0x0000093c        0x0 linker stubs

.iplt           0x0000093c        0x0
 .iplt          0x0000093c        0x0 /Users/neivmalaviya/.mcuxpressotools/arm-gnu-toolchain-13.2.Rel1-darwin-x86_64-arm-none-eabi/bin/../lib/gcc/arm-none-eabi/13.2.1/thumb/v8-m.main/nofp/crtbegin.o

.ARM.extab
 *(.ARM.extab* .gnu.linkonce.armextab.*)

.ARM            0x0000093c        0x8
                0x0000093c                        __exidx_start = .
 *(.ARM.exidx*)
 .ARM.exidx     0x0000093c        0x8 /Users/neivmalaviya/.mcuxpressotools/arm-gnu-toolchain-13.2.Rel1-darwin-x86_64-arm-none-eabi/bin/../lib/gcc/arm-none-eabi/13.2.1/../../../../arm-none-eabi/lib/thumb/v8-m.main/nofp/crt0.o
                                 0x10 (size before relaxing)
                0x00000944                        __exidx_end = .

.rel.dyn        0x00000944        0x0
 .rel.iplt      0x00000944        0x0 /Users/neivmalaviya/.mcuxpressotools/arm-gnu-toolchain-13.2.Rel1-darwin-x86_64-arm-none-eabi/bin/../lib/gcc/arm-none-eabi/13.2.1/thumb/v8-m.main/nofp/crtbegin.o

.ctors          0x00000944        0x0
                0x00000944                        __CTOR_LIST__ = .
 *crtbegin.o(.ctors)
 *crtbegin?.o(.ctors)
 *(EXCLUDE_FILE(*crtend.o *crtend?.o) .ctors)
 *(SORT_BY_NAME(.ctors.*))
 *(.ctors)
                0x00000944                        __CTOR_END__ = .

.dtors          0x00000944        0x0
                0x00000944                        __DTOR_LIST__ = .
 *crtbegin.o(.dtors)
 *crtbegin?.o(.dtors)
 *(EXCLUDE_FILE(*crtend.o *crtend?.o) .dtors)
 *(SORT_BY_NAME(.dtors.*))
 *(.dtors)
                0x00000944                        __DTOR_END__ = .

.preinit_array  0x00000944        0x0
                0x00000944                        PROVIDE (__preinit_array_start = .)
 *(.preinit_array*)
                0x00000944                        PROVIDE (__preinit_array_end = .)

.init_array     0x00000944        0x4
                0x00000944                        PROVIDE (__init_array_start = .)
 *(SORT_BY_NAME(.init_array.*))
 *(.init_array*)
 .init_array    0x00000944        0x4 /Users/neivmalaviya/.mcuxpressotools/arm-gnu-toolchain-13.2.Rel1-darwin-x86_64-arm-none-eabi/bin/../lib/gcc/arm-none-eabi/13.2.1/thumb/v8-m.main/nofp/crtbegin.o
                0x00000948                        PROVIDE (__init_array_end = .)

.fini_array     0x00000948        0x4
                [!provide]                        PROVIDE (__fini_array_start = .)
 *(SORT_BY_NAME(.fini_array.*))
 *(.fini_array*)
 .fini_array    0x00000948        0x4 /Users/neivmalaviya/.mcuxpressotools/arm-gnu-toolchain-13.2.Rel1-darwin-x86_64-arm-none-eabi/bin/../lib/gcc/arm-none-eabi/13.2.1/thumb/v8-m.main/nofp/crtbegin.o
                [!provide]                        PROVIDE (__fini_array_end = .)
                0x0000094c                        __etext = .
                0x0000094c                        __DATA_ROM = .

.data           0x20000000        0x0 load address 0x0000094c
                0x20000000                        . = ALIGN (0x4)
                0x20000000                        __DATA_RAM = .
                0x20000000                        __data_start__ = .
 *(.ramfunc*)
 *(.data)
 *(.data*)
 *(.jcr*)
                0x20000000                        . = ALIGN (0x4)
                0x20000000                        __data_end__ = .
                0x0000094c                        __DATA_END = (__DATA_ROM + (__data_end__ - __data_start__))
                0x00020000                        text_end = (ORIGIN (m_text) + LENGTH (m_text))
                0x00000001                        ASSERT ((__DATA_END <= text_end), region m_text overflowed with text and data)

.tm_clone_table
                0x20000000        0x0
 .tm_clone_table
                0x20000000        0x0 /Users/neivmalaviya/.mcuxpressotools/arm-gnu-toolchain-13.2.Rel1-darwin-x86_64-arm-none-eabi/bin/../lib/gcc/arm-none-eabi/13.2.1/thumb/v8-m.main/nofp/crtbegin.o
 .tm_clone_table
                0x20000000        0x0 /Users/neivmalaviya/.mcuxpressotools/arm-gnu-toolchain-13.2.Rel1-darwin-x86_64-arm-none-eabi/bin/../lib/gcc/arm-none-eabi/13.2.1/thumb/v8-m.main/nofp/crtend.o

.igot.plt       0x20000000        0x0
 .igot.plt      0x20000000        0x0 /Users/neivmalaviya/.mcuxpressotools/arm-gnu-toolchain-13.2.Rel1-darwin-x86_64-arm-none-eabi/bin/../lib/gcc/arm-none-eabi/13.2.1/thumb/v8-m.main/nofp/crtbegin.o

.bss            0x20000000       0x24
                0x20000000                        . = ALIGN (0x4)
                0x20000000                        __START_BSS = .
                0x20000000                        __bss_start__ = .
 *(.bss)
 *(.bss*)
 .bss.completed.1
                0x20000000        0x1 /Users/neivmalaviya/.mcuxpressotools/arm-gnu-toolchain-13.2.Rel1-darwin-x86_64-arm-none-eabi/bin/../lib/gcc/arm-none-eabi/13.2.1/thumb/v8-m.main/nofp/crtbegin.o
 *fill*         0x20000001        0x3 
 .bss.object.0  0x20000004       0x18 /Users/neivmalaviya/.mcuxpressotools/arm-gnu-toolchain-13.2.Rel1-darwin-x86_64-arm-none-eabi/bin/../lib/gcc/arm-none-eabi/13.2.1/thumb/v8-m.main/nofp/crtbegin.o
 .bss.systick_flag
                0x2000001c        0x4 CMakeFiles/ese_general_examples_basics_getting_started.elf.dir/Users/neivmalaviya/Code/FRDM-MCXA153/Examples/frdmmcxa153_ese_general_examples_basics_getting_started/main.c.obj
 .bss.__stdio_exit_handler
                0x20000020        0x4 /Users/neivmalaviya/.mcuxpressotools/arm-gnu-toolchain-13.2.Rel1-darwin-x86_64-arm-none-eabi/bin/../lib/gcc/arm-none-eabi/13.2.1/../../../../arm-none-eabi/lib/thumb/v8-m.main/nofp/libc_nano.a(libc_a-findfp.o)
                0x20000020                __stdio_exit_handler
 *(COMMON)
                0x20000024                        . = ALIGN (0x4)
                0x20000024                        __bss_end__ = .
                0x20000024                        __END_BSS = .

.heap           0x20000024      0x404
                0x20000028                        . = ALIGN (0x8)
 *fill*         0x20000024        0x4 
                0x20000028                        __end__ = .
                0x20000028                        PROVIDE (end = .)
                0x20000028                        __HeapBase = .
                0x20000428                        . = (. + HEAP_SIZE)
 *fill*         0x20000028      0x400 
                0x20000428                        __HeapLimit = .
                0x20000428                        __heap_limit = .

.stack          0x20000428      0x800
                0x20000428                        . = ALIGN (0x8)
                0x20000c28                        . = (. + STACK_SIZE)
 *fill*         0x20000428      0x800 
                0x20006000                        __StackTop = (ORIGIN (m_data) + LENGTH (m_data))
                0x20005800                        __StackLimit = (__StackTop - STACK_SIZE)
                0x20006000                        PROVIDE (__stack = __StackTop)

.ARM.attributes
                0x00000000       0x2e
 *(.ARM.attributes)
 .ARM.attributes
                0x00000000       0x22 /Users/neivmalaviya/.mcuxpressotools/arm-gnu-toolchain-13.2.Rel1-darwin-x86_64-arm-none-eabi/bin/../lib/gcc/arm-none-eabi/13.2.1/thumb/v8-m.main/nofp/crti.o
 .ARM.attributes
                0x00000022       0x32 /Users/neivmalaviya/.mcuxpressotools/arm-gnu-toolchain-13.2.Rel1-darwin-x86_64-arm-none-eabi/bin/../lib/gcc/arm-none-eabi/13.2.1/thumb/v8-m.main/nofp/crtbegin.o
 .ARM.attributes
                0x00000054       0x20 /Users/neivmalaviya/.mcuxpressotools/arm-gnu-toolchain-13.2.Rel1-darwin-x86_64-arm-none-eabi/bin/../lib/gcc/arm-none-eabi/13.2.1/../../../../arm-none-eabi/lib/thumb/v8-m.main/nofp/crt0.o
 .ARM.attributes
                0x00000074       0x32 CMakeFiles/ese_general_examples_basics_getting_started.elf.dir/Users/neivmalaviya/Code/FRDM-MCXA153/Examples/frdmmcxa153_ese_general_examples_basics_getting_started/main.c.obj
 .ARM.attributes
                0x000000a6       0x20 CMakeFiles/ese_general_examples_basics_getting_started.elf.dir/Users/neivmalaviya/Code/FRDM-MCXA153/SDK/devices/MCXA153/gcc/startup_MCXA153.S.obj
 .ARM.attributes
                0x000000c6       0x32 CMakeFiles/ese_general_examples_basics_getting_started.elf.dir/Users/neivmalaviya/Code/FRDM-MCXA153/SDK/devices/MCXA153/system_MCXA153.c.obj
 .ARM.attributes
                0x000000f8       0x32 /Users/neivmalaviya/.mcuxpressotools/arm-gnu-toolchain-13.2.Rel1-darwin-x86_64-arm-none-eabi/bin/../lib/gcc/arm-none-eabi/13.2.1/../../../../arm-none-eabi/lib/thumb/v8-m.main/nofp/libc_nano.a(libc_a-exit.o)
 .ARM.attributes
                0x0000012a       0x32 /Users/neivmalaviya/.mcuxpressotools/arm-gnu-toolchain-13.2.Rel1-darwin-x86_64-arm-none-eabi/bin/../lib/gcc/arm-none-eabi/13.2.1/../../../../arm-none-eabi/lib/thumb/v8-m.main/nofp/libc_nano.a(libc_a-findfp.o)
 .ARM.attributes
                0x0000015c       0x32 /Users/neivmalaviya/.mcuxpressotools/arm-gnu-toolchain-13.2.Rel1-darwin-x86_64-arm-none-eabi/bin/../lib/gcc/arm-none-eabi/13.2.1/../../../../arm-none-eabi/lib/thumb/v8-m.main/nofp/libc_nano.a(libc_a-memset.o)
 .ARM.attributes
                0x0000018e       0x32 /Users/neivmalaviya/.mcuxpressotools/arm-gnu-toolchain-13.2.Rel1-darwin-x86_64-arm-none-eabi/bin/../lib/gcc/arm-none-eabi/13.2.1/../../../../arm-none-eabi/lib/thumb/v8-m.main/nofp/libc_nano.a(libc_a-init.o)
 .ARM.attributes
                0x000001c0       0x32 /Users/neivmalaviya/.mcuxpressotools/arm-gnu-toolchain-13.2.Rel1-darwin-x86_64-arm-none-eabi/bin/../lib/gcc/arm-none-eabi/13.2.1/../../../../arm-none-eabi/lib/thumb/v8-m.main/nofp/libcr_newlib_nohost.a(_exit.o)
 .ARM.attributes
                0x000001f2       0x32 /Users/neivmalaviya/.mcuxpressotools/arm-gnu-toolchain-13.2.Rel1-darwin-x86_64-arm-none-eabi/bin/../lib/gcc/arm-none-eabi/13.2.1/thumb/v8-m.main/nofp/crtend.o
 .ARM.attributes
                0x00000224       0x22 /Users/neivmalaviya/.mcuxpressotools/arm-gnu-toolchain-13.2.Rel1-darwin-x86_64-arm-none-eabi/bin/../lib/gcc/arm-none-eabi/13.2.1/thumb/v8-m.main/nofp/crtn.o
                0x00000001                        ASSERT ((__StackLimit >= __HeapLimit), region m_data overflowed with stack and heap)
OUTPUT(ese_general_examples_basics_getting_started.elf elf32-littlearm)
LOAD linker stubs

.debug_line_str
                0x00000000      0x1a4
 .debug_line_str
                0x00000000      0x1a4 /Users/neivmalaviya/.mcuxpressotools/arm-gnu-toolchain-13.2.Rel1-darwin-x86_64-arm-none-eabi/bin/../lib/gcc/arm-none-eabi/13.2.1/../../../../arm-none-eabi/lib/thumb/v8-m.main/nofp/crt0.o
                                 0xe0 (size before relaxing)
 .debug_line_str
                0x000001a4       0xc4 CMakeFiles/ese_general_examples_basics_getting_started.elf.dir/Users/neivmalaviya/Code/FRDM-MCXA153/SDK/devices/MCXA153/gcc/startup_MCXA153.S.obj

.debug_info     0x00000000     0x22be
 .debug_info    0x00000000      0xde0 CMakeFiles/ese_general_examples_basics_getting_started.elf.dir/Users/neivmalaviya/Code/FRDM-MCXA153/Examples/frdmmcxa153_ese_general_examples_basics_getting_started/main.c.obj
 .debug_info    0x00000de0      0x838 CMakeFiles/ese_general_examples_basics_getting_started.elf.dir/Users/neivmalaviya/Code/FRDM-MCXA153/SDK/devices/MCXA153/gcc/startup_MCXA153.S.obj
 .debug_info    0x00001618      0xc03 CMakeFiles/ese_general_examples_basics_getting_started.elf.dir/Users/neivmalaviya/Code/FRDM-MCXA153/SDK/devices/MCXA153/system_MCXA153.c.obj
 .debug_info    0x0000221b       0xa3 /Users/neivmalaviya/.mcuxpressotools/arm-gnu-toolchain-13.2.Rel1-darwin-x86_64-arm-none-eabi/bin/../lib/gcc/arm-none-eabi/13.2.1/../../../../arm-none-eabi/lib/thumb/v8-m.main/nofp/libcr_newlib_nohost.a(_exit.o)

.debug_abbrev   0x00000000      0x3f7
 .debug_abbrev  0x00000000      0x1f5 CMakeFiles/ese_general_examples_basics_getting_started.elf.dir/Users/neivmalaviya/Code/FRDM-MCXA153/Examples/frdmmcxa153_ese_general_examples_basics_getting_started/main.c.obj
 .debug_abbrev  0x000001f5       0x26 CMakeFiles/ese_general_examples_basics_getting_started.elf.dir/Users/neivmalaviya/Code/FRDM-MCXA153/SDK/devices/MCXA153/gcc/startup_MCXA153.S.obj
 .debug_abbrev  0x0000021b      0x175 CMakeFiles/ese_general_examples_basics_getting_started.elf.dir/Users/neivmalaviya/Code/FRDM-MCXA153/SDK/devices/MCXA153/system_MCXA153.c.obj
 .debug_abbrev  0x00000390       0x67 /Users/neivmalaviya/.mcuxpressotools/arm-gnu-toolchain-13.2.Rel1-darwin-x86_64-arm-none-eabi/bin/../lib/gcc/arm-none-eabi/13.2.1/../../../../arm-none-eabi/lib/thumb/v8-m.main/nofp/libcr_newlib_nohost.a(_exit.o)

.debug_aranges  0x00000000       0xa8
 .debug_aranges
                0x00000000       0x38 CMakeFiles/ese_general_examples_basics_getting_started.elf.dir/Users/neivmalaviya/Code/FRDM-MCXA153/Examples/frdmmcxa153_ese_general_examples_basics_getting_started/main.c.obj
 .debug_aranges
                0x00000038       0x20 CMakeFiles/ese_general_examples_basics_getting_started.elf.dir/Users/neivmalaviya/Code/FRDM-MCXA153/SDK/devices/MCXA153/gcc/startup_MCXA153.S.obj
 .debug_aranges
                0x00000058       0x30 CMakeFiles/ese_general_examples_basics_getting_started.elf.dir/Users/neivmalaviya/Code/FRDM-MCXA153/SDK/devices/MCXA153/system_MCXA153.c.obj
 .debug_aranges
                0x00000088       0x20 /Users/neivmalaviya/.mcuxpressotools/arm-gnu-toolchain-13.2.Rel1-darwin-x86_64-arm-none-eabi/bin/../lib/gcc/arm-none-eabi/13.2.1/../../../../arm-none-eabi/lib/thumb/v8-m.main/nofp/libcr_newlib_nohost.a(_exit.o)

.debug_rnglists
                0x00000000       0x45
 .debug_rnglists
                0x00000000       0x25 CMakeFiles/ese_general_examples_basics_getting_started.elf.dir/Users/neivmalaviya/Code/FRDM-MCXA153/Examples/frdmmcxa153_ese_general_examples_basics_getting_started/main.c.obj
 .debug_rnglists
                0x00000025       0x20 CMakeFiles/ese_general_examples_basics_getting_started.elf.dir/Users/neivmalaviya/Code/FRDM-MCXA153/SDK/devices/MCXA153/system_MCXA153.c.obj

.debug_line     0x00000000      0x9a6
 .debug_line    0x00000000      0x3b2 CMakeFiles/ese_general_examples_basics_getting_started.elf.dir/Users/neivmalaviya/Code/FRDM-MCXA153/Examples/frdmmcxa153_ese_general_examples_basics_getting_started/main.c.obj
 .debug_line    0x000003b2      0x23d CMakeFiles/ese_general_examples_basics_getting_started.elf.dir/Users/neivmalaviya/Code/FRDM-MCXA153/SDK/devices/MCXA153/gcc/startup_MCXA153.S.obj
 .debug_line    0x000005ef      0x373 CMakeFiles/ese_general_examples_basics_getting_started.elf.dir/Users/neivmalaviya/Code/FRDM-MCXA153/SDK/devices/MCXA153/system_MCXA153.c.obj
 .debug_line    0x00000962       0x44 /Users/neivmalaviya/.mcuxpressotools/arm-gnu-toolchain-13.2.Rel1-darwin-x86_64-arm-none-eabi/bin/../lib/gcc/arm-none-eabi/13.2.1/../../../../arm-none-eabi/lib/thumb/v8-m.main/nofp/libcr_newlib_nohost.a(_exit.o)

.debug_str      0x00000000     0x2432
 .debug_str     0x00000000     0x2432 CMakeFiles/ese_general_examples_basics_getting_started.elf.dir/Users/neivmalaviya/Code/FRDM-MCXA153/Examples/frdmmcxa153_ese_general_examples_basics_getting_started/main.c.obj
                                0xeb3 (size before relaxing)
 .debug_str     0x00002432     0x1067 CMakeFiles/ese_general_examples_basics_getting_started.elf.dir/Users/neivmalaviya/Code/FRDM-MCXA153/SDK/devices/MCXA153/gcc/startup_MCXA153.S.obj
 .debug_str     0x00002432      0x848 CMakeFiles/ese_general_examples_basics_getting_started.elf.dir/Users/neivmalaviya/Code/FRDM-MCXA153/SDK/devices/MCXA153/system_MCXA153.c.obj
 .debug_str     0x00002432      0x1e1 /Users/neivmalaviya/.mcuxpressotools/arm-gnu-toolchain-13.2.Rel1-darwin-x86_64-arm-none-eabi/bin/../lib/gcc/arm-none-eabi/13.2.1/../../../../arm-none-eabi/lib/thumb/v8-m.main/nofp/libcr_newlib_nohost.a(_exit.o)

.comment        0x00000000       0x44
 .comment       0x00000000       0x44 CMakeFiles/ese_general_examples_basics_getting_started.elf.dir/Users/neivmalaviya/Code/FRDM-MCXA153/Examples/frdmmcxa153_ese_general_examples_basics_getting_started/main.c.obj
                                 0x45 (size before relaxing)
 .comment       0x00000044       0x45 CMakeFiles/ese_general_examples_basics_getting_started.elf.dir/Users/neivmalaviya/Code/FRDM-MCXA153/SDK/devices/MCXA153/system_MCXA153.c.obj
 .comment       0x00000044       0x45 /Users/neivmalaviya/.mcuxpressotools/arm-gnu-toolchain-13.2.Rel1-darwin-x86_64-arm-none-eabi/bin/../lib/gcc/arm-none-eabi/13.2.1/../../../../arm-none-eabi/lib/thumb/v8-m.main/nofp/libcr_newlib_nohost.a(_exit.o)

.debug_frame    0x00000000      0x2e4
 .debug_frame   0x00000000       0x98 CMakeFiles/ese_general_examples_basics_getting_started.elf.dir/Users/neivmalaviya/Code/FRDM-MCXA153/Examples/frdmmcxa153_ese_general_examples_basics_getting_started/main.c.obj
 .debug_frame   0x00000098       0x74 CMakeFiles/ese_general_examples_basics_getting_started.elf.dir/Users/neivmalaviya/Code/FRDM-MCXA153/SDK/devices/MCXA153/system_MCXA153.c.obj
 .debug_frame   0x0000010c       0x28 /Users/neivmalaviya/.mcuxpressotools/arm-gnu-toolchain-13.2.Rel1-darwin-x86_64-arm-none-eabi/bin/../lib/gcc/arm-none-eabi/13.2.1/../../../../arm-none-eabi/lib/thumb/v8-m.main/nofp/libc_nano.a(libc_a-exit.o)
 .debug_frame   0x00000134      0x144 /Users/neivmalaviya/.mcuxpressotools/arm-gnu-toolchain-13.2.Rel1-darwin-x86_64-arm-none-eabi/bin/../lib/gcc/arm-none-eabi/13.2.1/../../../../arm-none-eabi/lib/thumb/v8-m.main/nofp/libc_nano.a(libc_a-findfp.o)
 .debug_frame   0x00000278       0x20 /Users/neivmalaviya/.mcuxpressotools/arm-gnu-toolchain-13.2.Rel1-darwin-x86_64-arm-none-eabi/bin/../lib/gcc/arm-none-eabi/13.2.1/../../../../arm-none-eabi/lib/thumb/v8-m.main/nofp/libc_nano.a(libc_a-memset.o)
 .debug_frame   0x00000298       0x2c /Users/neivmalaviya/.mcuxpressotools/arm-gnu-toolchain-13.2.Rel1-darwin-x86_64-arm-none-eabi/bin/../lib/gcc/arm-none-eabi/13.2.1/../../../../arm-none-eabi/lib/thumb/v8-m.main/nofp/libc_nano.a(libc_a-init.o)
 .debug_frame   0x000002c4       0x20 /Users/neivmalaviya/.mcuxpressotools/arm-gnu-toolchain-13.2.Rel1-darwin-x86_64-arm-none-eabi/bin/../lib/gcc/arm-none-eabi/13.2.1/../../../../arm-none-eabi/lib/thumb/v8-m.main/nofp/libcr_newlib_nohost.a(_exit.o)

.debug_loc      0x00000000       0x15
 .debug_loc     0x00000000       0x15 /Users/neivmalaviya/.mcuxpressotools/arm-gnu-toolchain-13.2.Rel1-darwin-x86_64-arm-none-eabi/bin/../lib/gcc/arm-none-eabi/13.2.1/../../../../arm-none-eabi/lib/thumb/v8-m.main/nofp/libcr_newlib_nohost.a(_exit.o)

.debug_ranges   0x00000000       0x10
 .debug_ranges  0x00000000       0x10 /Users/neivmalaviya/.mcuxpressotools/arm-gnu-toolchain-13.2.Rel1-darwin-x86_64-arm-none-eabi/bin/../lib/gcc/arm-none-eabi/13.2.1/../../../../arm-none-eabi/lib/thumb/v8-m.main/nofp/libcr_newlib_nohost.a(_exit.o)
